exports[`test renders correctly 1`] = `
<nav
  style={
    Object {
      "backgroundColor": "blue",
      "color": "red",
    }
  }>
  <div>
    <strong>
      Budget Accounts
    </strong>
  </div>
  <input
    placeholder="Enter account"
    type="text" />
  <input
    onClick={[Function]}
    type="button"
    value="Add Account" />
</nav>
`;
